===== INICIO DO TREINAMENTO =====
image_size: 128
epochs: 50
batch_size: 32
lr: 0.0003
weight_decay: 0.0001
early_stop_patience: 20
lr_decay_patience: 5
lr_decay_factor: 0.5

Epoch 001 | Loss 0.1696 | AUC 0.5536 | F1 0.4201 | ACC 0.7243 | Score 0.5136 | LR 0.000300
Novo melhor modelo salvo em epoch 1 | score=0.5136
Epoch 002 | Loss 0.1563 | AUC 0.5410 | F1 0.5590 | ACC 0.7308 | Score 0.5464 | LR 0.000300
Novo melhor modelo salvo em epoch 2 | score=0.5464
Epoch 003 | Loss 0.1476 | AUC 0.5764 | F1 0.5341 | ACC 0.7126 | Score 0.5637 | LR 0.000300
Novo melhor modelo salvo em epoch 3 | score=0.5637
Epoch 004 | Loss 0.1380 | AUC 0.5928 | F1 0.5883 | ACC 0.6736 | Score 0.5915 | LR 0.000300
Novo melhor modelo salvo em epoch 4 | score=0.5915
Epoch 005 | Loss 0.1293 | AUC 0.5464 | F1 0.5121 | ACC 0.6905 | Score 0.5361 | LR 0.000300
Sem melhora por 1 epoca(s) | paciencia=20
Epoch 006 | Loss 0.1145 | AUC 0.4467 | F1 0.4861 | ACC 0.6905 | Score 0.4585 | LR 0.000300
Sem melhora por 2 epoca(s) | paciencia=20
Epoch 007 | Loss 0.1011 | AUC 0.4282 | F1 0.4748 | ACC 0.6307 | Score 0.4422 | LR 0.000300
Sem melhora por 3 epoca(s) | paciencia=20
Epoch 008 | Loss 0.0907 | AUC 0.5553 | F1 0.5328 | ACC 0.6762 | Score 0.5486 | LR 0.000300
Sem melhora por 4 epoca(s) | paciencia=20
Epoch 009 | Loss 0.0767 | AUC 0.6414 | F1 0.6021 | ACC 0.6515 | Score 0.6296 | LR 0.000300
Novo melhor modelo salvo em epoch 9 | score=0.6296
Epoch 010 | Loss 0.0728 | AUC 0.5121 | F1 0.5152 | ACC 0.6619 | Score 0.5130 | LR 0.000300
Sem melhora por 1 epoca(s) | paciencia=20
Epoch 011 | Loss 0.0689 | AUC 0.5897 | F1 0.5418 | ACC 0.6021 | Score 0.5753 | LR 0.000300
Sem melhora por 2 epoca(s) | paciencia=20
Epoch 012 | Loss 0.0634 | AUC 0.5772 | F1 0.5711 | ACC 0.6814 | Score 0.5754 | LR 0.000300
Sem melhora por 3 epoca(s) | paciencia=20
Epoch 013 | Loss 0.0513 | AUC 0.5471 | F1 0.5276 | ACC 0.6099 | Score 0.5412 | LR 0.000300
Sem melhora por 4 epoca(s) | paciencia=20
Epoch 014 | Loss 0.0483 | AUC 0.4975 | F1 0.5186 | ACC 0.6450 | Score 0.5039 | LR 0.000300
Sem melhora por 5 epoca(s) | paciencia=20
Epoch 015 | Loss 0.0397 | AUC 0.5903 | F1 0.5680 | ACC 0.6333 | Score 0.5836 | LR 0.000150
Sem melhora por 6 epoca(s) | paciencia=20
Epoch 016 | Loss 0.0355 | AUC 0.6302 | F1 0.6089 | ACC 0.7009 | Score 0.6238 | LR 0.000150
Sem melhora por 7 epoca(s) | paciencia=20
Epoch 017 | Loss 0.0205 | AUC 0.6145 | F1 0.5766 | ACC 0.6684 | Score 0.6032 | LR 0.000150
Sem melhora por 8 epoca(s) | paciencia=20
Epoch 018 | Loss 0.0246 | AUC 0.6412 | F1 0.5989 | ACC 0.6645 | Score 0.6285 | LR 0.000150
Sem melhora por 9 epoca(s) | paciencia=20
Epoch 019 | Loss 0.0211 | AUC 0.5967 | F1 0.5620 | ACC 0.6476 | Score 0.5863 | LR 0.000150
Sem melhora por 10 epoca(s) | paciencia=20
Epoch 020 | Loss 0.0177 | AUC 0.5760 | F1 0.5187 | ACC 0.6476 | Score 0.5588 | LR 0.000150
Sem melhora por 11 epoca(s) | paciencia=20
Epoch 021 | Loss 0.0147 | AUC 0.6105 | F1 0.5761 | ACC 0.6450 | Score 0.6002 | LR 0.000075
Sem melhora por 12 epoca(s) | paciencia=20
Epoch 022 | Loss 0.0134 | AUC 0.6234 | F1 0.5733 | ACC 0.6710 | Score 0.6084 | LR 0.000075
Sem melhora por 13 epoca(s) | paciencia=20
Epoch 023 | Loss 0.0124 | AUC 0.5895 | F1 0.5524 | ACC 0.6489 | Score 0.5784 | LR 0.000075
Sem melhora por 14 epoca(s) | paciencia=20
Epoch 024 | Loss 0.0103 | AUC 0.6136 | F1 0.5926 | ACC 0.6775 | Score 0.6073 | LR 0.000075
Sem melhora por 15 epoca(s) | paciencia=20
Epoch 025 | Loss 0.0087 | AUC 0.5813 | F1 0.5378 | ACC 0.6489 | Score 0.5682 | LR 0.000075
Sem melhora por 16 epoca(s) | paciencia=20
Epoch 026 | Loss 0.0092 | AUC 0.6408 | F1 0.5930 | ACC 0.6827 | Score 0.6265 | LR 0.000075
Sem melhora por 17 epoca(s) | paciencia=20
Epoch 027 | Loss 0.0234 | AUC 0.6251 | F1 0.5901 | ACC 0.6840 | Score 0.6146 | LR 0.000037
Sem melhora por 18 epoca(s) | paciencia=20
Epoch 028 | Loss 0.0182 | AUC 0.6279 | F1 0.5694 | ACC 0.6918 | Score 0.6103 | LR 0.000037
Sem melhora por 19 epoca(s) | paciencia=20
Epoch 029 | Loss 0.0089 | AUC 0.6318 | F1 0.5870 | ACC 0.6905 | Score 0.6184 | LR 0.000037
Sem melhora por 20 epoca(s) | paciencia=20
Early stopping acionado na epoca 29 (melhor epoca: 9, melhor score: 0.6296)
