===== INICIO DO TREINAMENTO =====
image_size: 160
epochs: 50
batch_size: 32
lr: 0.0003
weight_decay: 0.0001
early_stop_patience: 20
lr_decay_patience: 5
lr_decay_factor: 0.5

Epoch 001 | Loss 0.1634 | AUC 0.6664 | F1 0.5529 | ACC 0.7256 | Score 0.6323 | LR 0.000300
Novo melhor modelo salvo em epoch 1 | score=0.6323
Epoch 002 | Loss 0.1588 | AUC 0.5840 | F1 0.4909 | ACC 0.7139 | Score 0.5560 | LR 0.000300
Sem melhora por 1 epoca(s) | paciencia=20
Epoch 003 | Loss 0.1554 | AUC 0.6508 | F1 0.5343 | ACC 0.7165 | Score 0.6158 | LR 0.000300
Sem melhora por 2 epoca(s) | paciencia=20
Epoch 004 | Loss 0.1420 | AUC 0.5997 | F1 0.5711 | ACC 0.6736 | Score 0.5911 | LR 0.000300
Sem melhora por 3 epoca(s) | paciencia=20
Epoch 005 | Loss 0.1299 | AUC 0.6470 | F1 0.5921 | ACC 0.7126 | Score 0.6305 | LR 0.000300
Sem melhora por 4 epoca(s) | paciencia=20
Epoch 006 | Loss 0.1208 | AUC 0.6055 | F1 0.5979 | ACC 0.7178 | Score 0.6032 | LR 0.000300
Sem melhora por 5 epoca(s) | paciencia=20
Epoch 007 | Loss 0.1075 | AUC 0.5428 | F1 0.5375 | ACC 0.6801 | Score 0.5412 | LR 0.000150
Sem melhora por 6 epoca(s) | paciencia=20
Epoch 008 | Loss 0.0770 | AUC 0.5904 | F1 0.5583 | ACC 0.6684 | Score 0.5807 | LR 0.000150
Sem melhora por 7 epoca(s) | paciencia=20
Epoch 009 | Loss 0.0510 | AUC 0.5569 | F1 0.5467 | ACC 0.6112 | Score 0.5539 | LR 0.000150
Sem melhora por 8 epoca(s) | paciencia=20
Epoch 010 | Loss 0.0541 | AUC 0.5525 | F1 0.5340 | ACC 0.6697 | Score 0.5470 | LR 0.000150
Sem melhora por 9 epoca(s) | paciencia=20
Epoch 011 | Loss 0.0389 | AUC 0.5294 | F1 0.5322 | ACC 0.6671 | Score 0.5303 | LR 0.000150
Sem melhora por 10 epoca(s) | paciencia=20
Epoch 012 | Loss 0.0376 | AUC 0.5366 | F1 0.5307 | ACC 0.6411 | Score 0.5348 | LR 0.000150
Sem melhora por 11 epoca(s) | paciencia=20
Epoch 013 | Loss 0.0322 | AUC 0.5640 | F1 0.5609 | ACC 0.6827 | Score 0.5630 | LR 0.000075
Sem melhora por 12 epoca(s) | paciencia=20
Epoch 014 | Loss 0.0221 | AUC 0.5082 | F1 0.5399 | ACC 0.6476 | Score 0.5177 | LR 0.000075
Sem melhora por 13 epoca(s) | paciencia=20
Epoch 015 | Loss 0.0193 | AUC 0.5332 | F1 0.5450 | ACC 0.6775 | Score 0.5368 | LR 0.000075
Sem melhora por 14 epoca(s) | paciencia=20
Epoch 016 | Loss 0.0168 | AUC 0.5227 | F1 0.5440 | ACC 0.6736 | Score 0.5290 | LR 0.000075
Sem melhora por 15 epoca(s) | paciencia=20
Epoch 017 | Loss 0.0251 | AUC 0.5164 | F1 0.5441 | ACC 0.7009 | Score 0.5247 | LR 0.000075
Sem melhora por 16 epoca(s) | paciencia=20
Epoch 018 | Loss 0.0152 | AUC 0.5288 | F1 0.5376 | ACC 0.6697 | Score 0.5314 | LR 0.000075
Sem melhora por 17 epoca(s) | paciencia=20
Epoch 019 | Loss 0.0116 | AUC 0.5453 | F1 0.5422 | ACC 0.6762 | Score 0.5444 | LR 0.000037
Sem melhora por 18 epoca(s) | paciencia=20
Epoch 020 | Loss 0.0211 | AUC 0.5453 | F1 0.5398 | ACC 0.6918 | Score 0.5436 | LR 0.000037
Sem melhora por 19 epoca(s) | paciencia=20
Epoch 021 | Loss 0.0115 | AUC 0.5455 | F1 0.5372 | ACC 0.6593 | Score 0.5430 | LR 0.000037
Sem melhora por 20 epoca(s) | paciencia=20
Early stopping acionado na epoca 21 (melhor epoca: 1, melhor score: 0.6323)
